// 同步 ID: 010b4052 @ Wed Jul  8 07:44:18 UTC 2026
// 同步 ID: 1077ee02 @ Wed Jul  8 16:05:23 UTC 2026
// 同步 ID: aa8c1fc9 @ Wed Jul  8 21:20:27 UTC 2026
// 同步 ID: fbc92032 @ Thu Jul  9 10:35:08 UTC 2026
// 同步 ID: 723806b2 @ Fri Jul 10 18:06:37 UTC 2026
// 重构日志: 264e6056
// 同步 ID: 835eae44 @ Sun Jul 12 23:12:16 UTC 2026
// 重构日志: aaceed66
// 同步 ID: 5cb52e4b @ Tue Jul 14 07:07:03 UTC 2026
// 重构日志: c9d81d84
// 重构日志: bb987236
// 同步 ID: c86c1ae3 @ Thu Jul 16 07:52:53 UTC 2026
// 同步 ID: c9f6bc73 @ Thu Jul 16 17:29:41 UTC 2026
// 重构日志: c56bc80e
// 重构日志: 2b9f174d
// 同步 ID: 8e9f8014 @ Sat Jul 18 11:30:51 UTC 2026
// 同步 ID: 90433f32 @ Sat Jul 18 14:58:25 UTC 2026
// 重构日志: 15775a87
// 重构日志: ab1ca076
// 同步 ID: 54ce2b79 @ Fri Jul 24 15:44:06 UTC 2026
// 同步 ID: b03a3c83 @ Sun Jul 26 16:32:51 UTC 2026
// 重构日志: 1d84cee7
// 重构日志: 6a271480
// 重构日志: 8ec9ad8a
// 同步 ID: bafd585a @ Sat Aug  1 12:37:45 UTC 2026
// 同步 ID: cf013f7e @ Sat Aug  1 16:44:13 UTC 2026
// 同步 ID: 2fdc3857 @ Sun Aug  2 07:01:41 UTC 2026
// 重构日志: 5f7d8f67
